2026-08-04T00:03:45.746+07:00  INFO [group-service,,] 20060 --- [group-service] [AsyncResolver-bootstrap-executor-%d] [                                                 ] c.n.d.s.r.aws.ConfigClusterResolver      : Resolving eureka endpoints via configuration
2026-08-04T14:09:17.932+07:00  INFO [group-service,,] 20028 --- [group-service] [main] [                                                 ] c.n.S.GroupServiceApplication            : Starting GroupServiceApplication using Java 17.0.9 with PID 20028 (D:\Projects\Social-media\backend\group-service\target\classes started by BANG in D:\Projects\Social-media\backend\group-service)
2026-08-04T14:09:18.302+07:00  INFO [group-service,,] 20028 --- [group-service] [main] [                                                 ] c.n.S.GroupServiceApplication            : No active profile set, falling back to 1 default profile: "default"
2026-08-04T14:10:57.840+07:00  INFO [group-service,,] 20028 --- [group-service] [main] [                                                 ] .s.d.r.c.RepositoryConfigurationDelegate : Bootstrapping Spring Data JPA repositories in DEFAULT mode.
2026-08-04T14:11:10.540+07:00  INFO [group-service,,] 20028 --- [group-service] [main] [                                                 ] .s.d.r.c.RepositoryConfigurationDelegate : Finished Spring Data repository scanning in 12270 ms. Found 2 JPA repository interfaces.
2026-08-04T14:11:16.859+07:00  INFO [group-service,,] 20028 --- [group-service] [main] [                                                 ] o.s.cloud.context.scope.GenericScope     : BeanFactory id=712a4414-d8e3-374d-881f-e4efd30afa5a
2026-08-04T14:11:28.524+07:00  INFO [group-service,,] 20028 --- [group-service] [main] [                                                 ] o.s.b.w.embedded.tomcat.TomcatWebServer  : Tomcat initialized with port 8085 (http)
2026-08-04T14:11:29.025+07:00  INFO [group-service,,] 20028 --- [group-service] [main] [                                                 ] o.apache.catalina.core.StandardService   : Starting service [Tomcat]
2026-08-04T14:11:29.232+07:00  INFO [group-service,,] 20028 --- [group-service] [main] [                                                 ] o.apache.catalina.core.StandardEngine    : Starting Servlet engine: [Apache Tomcat/10.1.42]
2026-08-04T14:11:35.436+07:00  INFO [group-service,,] 20028 --- [group-service] [main] [                                                 ] o.a.c.c.C.[Tomcat].[localhost].[/]       : Initializing Spring embedded WebApplicationContext
2026-08-04T14:11:35.469+07:00  INFO [group-service,,] 20028 --- [group-service] [main] [                                                 ] w.s.c.ServletWebServerApplicationContext : Root WebApplicationContext: initialization completed in 135776 ms
2026-08-04T14:11:43.785+07:00  INFO [group-service,,] 20028 --- [group-service] [main] [                                                 ] o.hibernate.jpa.internal.util.LogHelper  : HHH000204: Processing PersistenceUnitInfo [name: default]
2026-08-04T14:11:46.028+07:00  INFO [group-service,,] 20028 --- [group-service] [main] [                                                 ] org.hibernate.Version                    : HHH000412: Hibernate ORM core version 6.5.3.Final
2026-08-04T14:11:50.394+07:00  INFO [group-service,,] 20028 --- [group-service] [main] [                                                 ] o.h.c.internal.RegionFactoryInitiator    : HHH000026: Second-level cache disabled
2026-08-04T14:11:58.963+07:00  INFO [group-service,,] 20028 --- [group-service] [main] [                                                 ] o.s.o.j.p.SpringPersistenceUnitInfo      : No LoadTimeWeaver setup: ignoring JPA class transformer
2026-08-04T14:11:59.184+07:00  INFO [group-service,,] 20028 --- [group-service] [main] [                                                 ] com.zaxxer.hikari.HikariDataSource       : HikariPool-1 - Starting...
2026-08-04T14:11:59.700+07:00  INFO [group-service,,] 20028 --- [group-service] [main] [                                                 ] com.zaxxer.hikari.pool.HikariPool        : HikariPool-1 - Added connection org.postgresql.jdbc.PgConnection@74c23525
2026-08-04T14:11:59.821+07:00  INFO [group-service,,] 20028 --- [group-service] [main] [                                                 ] com.zaxxer.hikari.HikariDataSource       : HikariPool-1 - Start completed.
2026-08-04T14:12:00.762+07:00  WARN [group-service,,] 20028 --- [group-service] [main] [                                                 ] org.hibernate.orm.deprecation            : HHH90000025: PostgreSQLDialect does not need to be specified explicitly using 'hibernate.dialect' (remove the property setting and it will be selected by default)
2026-08-04T14:12:27.266+07:00  INFO [group-service,,] 20028 --- [group-service] [main] [                                                 ] o.h.e.t.j.p.i.JtaPlatformInitiator       : HHH000489: No JTA platform available (set 'hibernate.transaction.jta.platform' to enable JTA platform integration)
2026-08-04T14:12:37.613+07:00  INFO [group-service,,] 20028 --- [group-service] [main] [                                                 ] j.LocalContainerEntityManagerFactoryBean : Initialized JPA EntityManagerFactory for persistence unit 'default'
2026-08-04T14:12:40.941+07:00  INFO [group-service,,] 20028 --- [group-service] [main] [                                                 ] o.s.d.j.r.query.QueryEnhancerFactory     : Hibernate is in classpath; If applicable, HQL parser will be used.
2026-08-04T14:12:48.916+07:00  WARN [group-service,,] 20028 --- [group-service] [main] [                                                 ] JpaBaseConfiguration$JpaWebConfiguration : spring.jpa.open-in-view is enabled by default. Therefore, database queries may be performed during view rendering. Explicitly configure spring.jpa.open-in-view to disable this warning
2026-08-04T14:12:55.233+07:00  INFO [group-service,,] 20028 --- [group-service] [main] [                                                 ] o.s.c.openfeign.FeignClientFactoryBean   : For 'user-service' URL not provided. Will try picking an instance via load-balancing.
2026-08-04T14:13:13.021+07:00  INFO [group-service,,] 20028 --- [group-service] [main] [                                                 ] DiscoveryClientOptionalArgsConfiguration : Eureka HTTP Client uses RestTemplate.
2026-08-04T14:13:13.284+07:00  WARN [group-service,,] 20028 --- [group-service] [main] [                                                 ] iguration$LoadBalancerCaffeineWarnLogger : Spring Cloud LoadBalancer is currently working with the default cache. While this cache implementation is useful for development and tests, it's recommended to use Caffeine cache in production.You can switch to using Caffeine cache, by adding it and org.springframework.cache.caffeine.CaffeineCacheManager to the classpath.
2026-08-04T14:13:13.643+07:00  INFO [group-service,,] 20028 --- [group-service] [main] [                                                 ] o.s.b.a.e.web.EndpointLinksResolver      : Exposing 4 endpoints beneath base path '/actuator'
2026-08-04T14:13:15.006+07:00  INFO [group-service,,] 20028 --- [group-service] [main] [                                                 ] o.s.c.n.eureka.InstanceInfoFactory       : Setting initial instance status as: STARTING
2026-08-04T14:13:15.450+07:00  INFO [group-service,,] 20028 --- [group-service] [main] [                                                 ] com.netflix.discovery.DiscoveryClient    : Initializing Eureka in region us-east-1
2026-08-04T14:13:15.492+07:00  INFO [group-service,,] 20028 --- [group-service] [main] [                                                 ] c.n.d.s.r.aws.ConfigClusterResolver      : Resolving eureka endpoints via configuration
2026-08-04T14:13:15.532+07:00  INFO [group-service,,] 20028 --- [group-service] [main] [                                                 ] com.netflix.discovery.DiscoveryClient    : Disable delta property : false
2026-08-04T14:13:15.534+07:00  INFO [group-service,,] 20028 --- [group-service] [main] [                                                 ] com.netflix.discovery.DiscoveryClient    : Single vip registry refresh property : null
2026-08-04T14:13:15.536+07:00  INFO [group-service,,] 20028 --- [group-service] [main] [                                                 ] com.netflix.discovery.DiscoveryClient    : Force full registry fetch : false
2026-08-04T14:13:15.637+07:00  INFO [group-service,,] 20028 --- [group-service] [main] [                                                 ] com.netflix.discovery.DiscoveryClient    : Application is null : false
2026-08-04T14:13:15.648+07:00  INFO [group-service,,] 20028 --- [group-service] [main] [                                                 ] com.netflix.discovery.DiscoveryClient    : Registered Applications size is zero : true
2026-08-04T14:13:15.673+07:00  INFO [group-service,,] 20028 --- [group-service] [main] [                                                 ] com.netflix.discovery.DiscoveryClient    : Application version is -1: true
2026-08-04T14:13:15.909+07:00  INFO [group-service,,] 20028 --- [group-service] [main] [                                                 ] com.netflix.discovery.DiscoveryClient    : Getting all instance registry info from the eureka server
2026-08-04T14:13:18.055+07:00  INFO [group-service,,] 20028 --- [group-service] [main] [                                                 ] com.netflix.discovery.DiscoveryClient    : The response status is 200
2026-08-04T14:13:18.074+07:00  INFO [group-service,,] 20028 --- [group-service] [main] [                                                 ] com.netflix.discovery.DiscoveryClient    : Starting heartbeat executor: renew interval is: 30
2026-08-04T14:13:18.096+07:00  INFO [group-service,,] 20028 --- [group-service] [main] [                                                 ] c.n.discovery.InstanceInfoReplicator     : InstanceInfoReplicator onDemand update allowed rate per min is 4
2026-08-04T14:13:18.140+07:00  INFO [group-service,,] 20028 --- [group-service] [main] [                                                 ] com.netflix.discovery.DiscoveryClient    : Discovery Client initialized at timestamp 1785827598107 with initial instances count: 3
2026-08-04T14:13:18.161+07:00  INFO [group-service,,] 20028 --- [group-service] [main] [                                                 ] o.s.c.n.e.s.EurekaServiceRegistry        : Registering application GROUP-SERVICE with eureka with status UP
2026-08-04T14:13:18.415+07:00  INFO [group-service,,] 20028 --- [group-service] [main] [                                                 ] com.netflix.discovery.DiscoveryClient    : Saw local status change event StatusChangeEvent [timestamp=1785827598415, current=UP, previous=STARTING]
2026-08-04T14:13:18.462+07:00  INFO [group-service,,] 20028 --- [group-service] [DiscoveryClient-InstanceInfoReplicator-%d] [                                                 ] com.netflix.discovery.DiscoveryClient    : DiscoveryClient_GROUP-SERVICE/LAPTOP-4K64MGNI:group-service:8085: registering service...
2026-08-04T14:13:18.922+07:00  INFO [group-service,,] 20028 --- [group-service] [DiscoveryClient-InstanceInfoReplicator-%d] [                                                 ] com.netflix.discovery.DiscoveryClient    : DiscoveryClient_GROUP-SERVICE/LAPTOP-4K64MGNI:group-service:8085 - registration status: 204
2026-08-04T14:13:18.935+07:00  INFO [group-service,,] 20028 --- [group-service] [main] [                                                 ] o.s.b.w.embedded.tomcat.TomcatWebServer  : Tomcat started on port 8085 (http) with context path '/'
2026-08-04T14:13:18.955+07:00  INFO [group-service,,] 20028 --- [group-service] [main] [                                                 ] .s.c.n.e.s.EurekaAutoServiceRegistration : Updating port to 8085
2026-08-04T14:13:20.913+07:00  INFO [group-service,,] 20028 --- [group-service] [http-nio-8085-exec-1] [                                                 ] o.a.c.c.C.[Tomcat].[localhost].[/]       : Initializing Spring DispatcherServlet 'dispatcherServlet'
2026-08-04T14:13:20.916+07:00  INFO [group-service,,] 20028 --- [group-service] [http-nio-8085-exec-1] [                                                 ] o.s.web.servlet.DispatcherServlet        : Initializing Servlet 'dispatcherServlet'
2026-08-04T14:13:20.926+07:00  INFO [group-service,,] 20028 --- [group-service] [http-nio-8085-exec-1] [                                                 ] o.s.web.servlet.DispatcherServlet        : Completed initialization in 8 ms
2026-08-04T14:13:22.848+07:00  INFO [group-service,,] 20028 --- [group-service] [main] [                                                 ] c.n.S.GroupServiceApplication            : Started GroupServiceApplication in 283.622 seconds (process running for 297.317)
2026-08-04T14:18:16.798+07:00  INFO [group-service,,] 20028 --- [group-service] [AsyncResolver-bootstrap-executor-%d] [                                                 ] c.n.d.s.r.aws.ConfigClusterResolver      : Resolving eureka endpoints via configuration
2026-08-04T14:20:30.613+07:00  WARN [group-service,,] 20028 --- [group-service] [HikariPool-1 housekeeper] [                                                 ] com.zaxxer.hikari.pool.HikariPool        : HikariPool-1 - Thread starvation or clock leap detected (housekeeper delta=53s206ms934É s300ns).
2026-08-04T14:20:30.613+07:00  WARN [group-service,,] 20028 --- [group-service] [DiscoveryClient-%d] [                                                 ] c.netflix.discovery.TimedSupervisorTask  : task supervisor timed out

java.util.concurrent.TimeoutException: null
	at java.base/java.util.concurrent.FutureTask.get(FutureTask.java:204) ~[na:na]
	at com.netflix.discovery.TimedSupervisorTask.run(TimedSupervisorTask.java:65) ~[eureka-client-2.0.4.jar:2.0.4]
	at java.base/java.util.concurrent.Executors$RunnableAdapter.call(Executors.java:539) ~[na:na]
	at java.base/java.util.concurrent.FutureTask.run(FutureTask.java:264) ~[na:na]
	at java.base/java.util.concurrent.ScheduledThreadPoolExecutor$ScheduledFutureTask.run(ScheduledThreadPoolExecutor.java:304) ~[na:na]
	at java.base/java.util.concurrent.ThreadPoolExecutor.runWorker(ThreadPoolExecutor.java:1136) ~[na:na]
	at java.base/java.util.concurrent.ThreadPoolExecutor$Worker.run(ThreadPoolExecutor.java:635) ~[na:na]
	at java.base/java.lang.Thread.run(Thread.java:842) ~[na:na]

2026-08-04T14:23:17.552+07:00  INFO [group-service,,] 20028 --- [group-service] [AsyncResolver-bootstrap-executor-%d] [                                                 ] c.n.d.s.r.aws.ConfigClusterResolver      : Resolving eureka endpoints via configuration
