2026-06-02T16:28:10.228+07:00  INFO [interaction-service,,] 22996 --- [interaction-service] [main] [                                                 ] c.n.S.InteractionServiceApplication      : Starting InteractionServiceApplication using Java 17.0.9 with PID 22996 (D:\Projects\Social-media\backend\interaction-service\target\classes started by BANG in D:\Projects\Social-media\backend)
2026-06-02T16:28:10.248+07:00  INFO [interaction-service,,] 22996 --- [interaction-service] [main] [                                                 ] c.n.S.InteractionServiceApplication      : No active profile set, falling back to 1 default profile: "default"
2026-06-02T16:28:14.846+07:00  INFO [interaction-service,,] 22996 --- [interaction-service] [main] [                                                 ] .s.d.r.c.RepositoryConfigurationDelegate : Bootstrapping Spring Data JPA repositories in DEFAULT mode.
2026-06-02T16:28:15.538+07:00  INFO [interaction-service,,] 22996 --- [interaction-service] [main] [                                                 ] .s.d.r.c.RepositoryConfigurationDelegate : Finished Spring Data repository scanning in 661 ms. Found 3 JPA repository interfaces.
2026-06-02T16:28:16.612+07:00  INFO [interaction-service,,] 22996 --- [interaction-service] [main] [                                                 ] o.s.cloud.context.scope.GenericScope     : BeanFactory id=b9a14a92-575c-3886-8a92-0d28bb1ebb82
2026-06-02T16:28:18.470+07:00  INFO [interaction-service,,] 22996 --- [interaction-service] [main] [                                                 ] o.s.b.w.embedded.tomcat.TomcatWebServer  : Tomcat initialized with port 8084 (http)
2026-06-02T16:28:18.517+07:00  INFO [interaction-service,,] 22996 --- [interaction-service] [main] [                                                 ] o.apache.catalina.core.StandardService   : Starting service [Tomcat]
2026-06-02T16:28:18.518+07:00  INFO [interaction-service,,] 22996 --- [interaction-service] [main] [                                                 ] o.apache.catalina.core.StandardEngine    : Starting Servlet engine: [Apache Tomcat/10.1.42]
2026-06-02T16:28:18.818+07:00  INFO [interaction-service,,] 22996 --- [interaction-service] [main] [                                                 ] o.a.c.c.C.[Tomcat].[localhost].[/]       : Initializing Spring embedded WebApplicationContext
2026-06-02T16:28:18.820+07:00  INFO [interaction-service,,] 22996 --- [interaction-service] [main] [                                                 ] w.s.c.ServletWebServerApplicationContext : Root WebApplicationContext: initialization completed in 8379 ms
2026-06-02T16:28:21.654+07:00  INFO [interaction-service,,] 22996 --- [interaction-service] [main] [                                                 ] o.hibernate.jpa.internal.util.LogHelper  : HHH000204: Processing PersistenceUnitInfo [name: default]
2026-06-02T16:28:22.060+07:00  INFO [interaction-service,,] 22996 --- [interaction-service] [main] [                                                 ] org.hibernate.Version                    : HHH000412: Hibernate ORM core version 6.5.3.Final
2026-06-02T16:28:22.282+07:00  INFO [interaction-service,,] 22996 --- [interaction-service] [main] [                                                 ] o.h.c.internal.RegionFactoryInitiator    : HHH000026: Second-level cache disabled
2026-06-02T16:28:24.286+07:00  INFO [interaction-service,,] 22996 --- [interaction-service] [main] [                                                 ] o.s.o.j.p.SpringPersistenceUnitInfo      : No LoadTimeWeaver setup: ignoring JPA class transformer
2026-06-02T16:28:24.467+07:00  INFO [interaction-service,,] 22996 --- [interaction-service] [main] [                                                 ] com.zaxxer.hikari.HikariDataSource       : HikariPool-1 - Starting...
2026-06-02T16:28:25.541+07:00  INFO [interaction-service,,] 22996 --- [interaction-service] [main] [                                                 ] com.zaxxer.hikari.pool.HikariPool        : HikariPool-1 - Added connection org.postgresql.jdbc.PgConnection@488279d3
2026-06-02T16:28:25.553+07:00  INFO [interaction-service,,] 22996 --- [interaction-service] [main] [                                                 ] com.zaxxer.hikari.HikariDataSource       : HikariPool-1 - Start completed.
2026-06-02T16:28:25.870+07:00  WARN [interaction-service,,] 22996 --- [interaction-service] [main] [                                                 ] org.hibernate.orm.deprecation            : HHH90000025: PostgreSQLDialect does not need to be specified explicitly using 'hibernate.dialect' (remove the property setting and it will be selected by default)
2026-06-02T16:28:30.950+07:00  INFO [interaction-service,,] 22996 --- [interaction-service] [main] [                                                 ] o.h.e.t.j.p.i.JtaPlatformInitiator       : HHH000489: No JTA platform available (set 'hibernate.transaction.jta.platform' to enable JTA platform integration)
2026-06-02T16:28:31.475+07:00  INFO [interaction-service,,] 22996 --- [interaction-service] [main] [                                                 ] j.LocalContainerEntityManagerFactoryBean : Initialized JPA EntityManagerFactory for persistence unit 'default'
2026-06-02T16:28:33.212+07:00  WARN [interaction-service,,] 22996 --- [interaction-service] [main] [                                                 ] JpaBaseConfiguration$JpaWebConfiguration : spring.jpa.open-in-view is enabled by default. Therefore, database queries may be performed during view rendering. Explicitly configure spring.jpa.open-in-view to disable this warning
2026-06-02T16:28:35.662+07:00  INFO [interaction-service,,] 22996 --- [interaction-service] [main] [                                                 ] o.s.c.openfeign.FeignClientFactoryBean   : For 'post-service' URL not provided. Will try picking an instance via load-balancing.
2026-06-02T16:28:35.906+07:00  INFO [interaction-service,,] 22996 --- [interaction-service] [main] [                                                 ] o.s.c.openfeign.FeignClientFactoryBean   : For 'user-service' URL not provided. Will try picking an instance via load-balancing.
2026-06-02T16:28:43.493+07:00  INFO [interaction-service,,] 22996 --- [interaction-service] [main] [                                                 ] DiscoveryClientOptionalArgsConfiguration : Eureka HTTP Client uses RestTemplate.
2026-06-02T16:28:43.683+07:00  WARN [interaction-service,,] 22996 --- [interaction-service] [main] [                                                 ] iguration$LoadBalancerCaffeineWarnLogger : Spring Cloud LoadBalancer is currently working with the default cache. While this cache implementation is useful for development and tests, it's recommended to use Caffeine cache in production.You can switch to using Caffeine cache, by adding it and org.springframework.cache.caffeine.CaffeineCacheManager to the classpath.
2026-06-02T16:28:43.769+07:00  INFO [interaction-service,,] 22996 --- [interaction-service] [main] [                                                 ] o.s.b.a.e.web.EndpointLinksResolver      : Exposing 4 endpoints beneath base path '/actuator'
2026-06-02T16:28:44.304+07:00  INFO [interaction-service,,] 22996 --- [interaction-service] [main] [                                                 ] o.s.c.n.eureka.InstanceInfoFactory       : Setting initial instance status as: STARTING
2026-06-02T16:28:44.439+07:00  INFO [interaction-service,,] 22996 --- [interaction-service] [main] [                                                 ] com.netflix.discovery.DiscoveryClient    : Initializing Eureka in region us-east-1
2026-06-02T16:28:44.457+07:00  INFO [interaction-service,,] 22996 --- [interaction-service] [main] [                                                 ] c.n.d.s.r.aws.ConfigClusterResolver      : Resolving eureka endpoints via configuration
2026-06-02T16:28:44.497+07:00  INFO [interaction-service,,] 22996 --- [interaction-service] [main] [                                                 ] com.netflix.discovery.DiscoveryClient    : Disable delta property : false
2026-06-02T16:28:44.498+07:00  INFO [interaction-service,,] 22996 --- [interaction-service] [main] [                                                 ] com.netflix.discovery.DiscoveryClient    : Single vip registry refresh property : null
2026-06-02T16:28:44.500+07:00  INFO [interaction-service,,] 22996 --- [interaction-service] [main] [                                                 ] com.netflix.discovery.DiscoveryClient    : Force full registry fetch : false
2026-06-02T16:28:44.501+07:00  INFO [interaction-service,,] 22996 --- [interaction-service] [main] [                                                 ] com.netflix.discovery.DiscoveryClient    : Application is null : false
2026-06-02T16:28:44.502+07:00  INFO [interaction-service,,] 22996 --- [interaction-service] [main] [                                                 ] com.netflix.discovery.DiscoveryClient    : Registered Applications size is zero : true
2026-06-02T16:28:44.505+07:00  INFO [interaction-service,,] 22996 --- [interaction-service] [main] [                                                 ] com.netflix.discovery.DiscoveryClient    : Application version is -1: true
2026-06-02T16:28:44.507+07:00  INFO [interaction-service,,] 22996 --- [interaction-service] [main] [                                                 ] com.netflix.discovery.DiscoveryClient    : Getting all instance registry info from the eureka server
2026-06-02T16:28:45.900+07:00  INFO [interaction-service,,] 22996 --- [interaction-service] [main] [                                                 ] com.netflix.discovery.DiscoveryClient    : The response status is 200
2026-06-02T16:28:45.927+07:00  INFO [interaction-service,,] 22996 --- [interaction-service] [main] [                                                 ] com.netflix.discovery.DiscoveryClient    : Starting heartbeat executor: renew interval is: 30
2026-06-02T16:28:45.946+07:00  INFO [interaction-service,,] 22996 --- [interaction-service] [main] [                                                 ] c.n.discovery.InstanceInfoReplicator     : InstanceInfoReplicator onDemand update allowed rate per min is 4
2026-06-02T16:28:45.963+07:00  INFO [interaction-service,,] 22996 --- [interaction-service] [main] [                                                 ] com.netflix.discovery.DiscoveryClient    : Discovery Client initialized at timestamp 1780392525950 with initial instances count: 2
2026-06-02T16:28:45.978+07:00  INFO [interaction-service,,] 22996 --- [interaction-service] [main] [                                                 ] o.s.c.n.e.s.EurekaServiceRegistry        : Registering application INTERACTION-SERVICE with eureka with status UP
2026-06-02T16:28:45.981+07:00  INFO [interaction-service,,] 22996 --- [interaction-service] [main] [                                                 ] com.netflix.discovery.DiscoveryClient    : Saw local status change event StatusChangeEvent [timestamp=1780392525981, current=UP, previous=STARTING]
2026-06-02T16:28:45.989+07:00  INFO [interaction-service,,] 22996 --- [interaction-service] [DiscoveryClient-InstanceInfoReplicator-%d] [                                                 ] com.netflix.discovery.DiscoveryClient    : DiscoveryClient_INTERACTION-SERVICE/LAPTOP-4K64MGNI:interaction-service:8084: registering service...
2026-06-02T16:28:46.083+07:00  INFO [interaction-service,,] 22996 --- [interaction-service] [main] [                                                 ] o.s.b.w.embedded.tomcat.TomcatWebServer  : Tomcat started on port 8084 (http) with context path '/'
2026-06-02T16:28:46.087+07:00  INFO [interaction-service,,] 22996 --- [interaction-service] [main] [                                                 ] .s.c.n.e.s.EurekaAutoServiceRegistration : Updating port to 8084
2026-06-02T16:28:46.144+07:00  INFO [interaction-service,,] 22996 --- [interaction-service] [DiscoveryClient-InstanceInfoReplicator-%d] [                                                 ] com.netflix.discovery.DiscoveryClient    : DiscoveryClient_INTERACTION-SERVICE/LAPTOP-4K64MGNI:interaction-service:8084 - registration status: 204
2026-06-02T16:28:46.386+07:00  INFO [interaction-service,,] 22996 --- [interaction-service] [http-nio-8084-exec-1] [                                                 ] o.a.c.c.C.[Tomcat].[localhost].[/]       : Initializing Spring DispatcherServlet 'dispatcherServlet'
2026-06-02T16:28:46.387+07:00  INFO [interaction-service,,] 22996 --- [interaction-service] [http-nio-8084-exec-1] [                                                 ] o.s.web.servlet.DispatcherServlet        : Initializing Servlet 'dispatcherServlet'
2026-06-02T16:28:46.394+07:00  INFO [interaction-service,,] 22996 --- [interaction-service] [http-nio-8084-exec-1] [                                                 ] o.s.web.servlet.DispatcherServlet        : Completed initialization in 6 ms
2026-06-02T16:28:47.442+07:00  INFO [interaction-service,,] 22996 --- [interaction-service] [main] [                                                 ] c.n.S.InteractionServiceApplication      : Started InteractionServiceApplication in 39.788 seconds (process running for 43.569)
2026-06-02T16:28:48.146+07:00  INFO [interaction-service,,] 22996 --- [interaction-service] [RMI TCP Connection(4)-192.168.4.15] [                                                 ] o.s.a.r.c.CachingConnectionFactory       : Attempting to connect to: [localhost:5672]
2026-06-02T16:28:48.499+07:00  INFO [interaction-service,,] 22996 --- [interaction-service] [RMI TCP Connection(4)-192.168.4.15] [                                                 ] o.s.a.r.c.CachingConnectionFactory       : Created new connection: rabbitConnectionFactory#16dc12cf:0/SimpleConnection@18567bcf [delegate=amqp://guest@127.0.0.1:5672/, localPort=63868]
2026-06-02T16:33:44.530+07:00  INFO [interaction-service,,] 22996 --- [interaction-service] [AsyncResolver-bootstrap-executor-%d] [                                                 ] c.n.d.s.r.aws.ConfigClusterResolver      : Resolving eureka endpoints via configuration
2026-06-02T16:38:44.538+07:00  INFO [interaction-service,,] 22996 --- [interaction-service] [AsyncResolver-bootstrap-executor-%d] [                                                 ] c.n.d.s.r.aws.ConfigClusterResolver      : Resolving eureka endpoints via configuration
2026-06-02T16:43:44.548+07:00  INFO [interaction-service,,] 22996 --- [interaction-service] [AsyncResolver-bootstrap-executor-%d] [                                                 ] c.n.d.s.r.aws.ConfigClusterResolver      : Resolving eureka endpoints via configuration
2026-06-02T16:48:44.561+07:00  INFO [interaction-service,,] 22996 --- [interaction-service] [AsyncResolver-bootstrap-executor-%d] [                                                 ] c.n.d.s.r.aws.ConfigClusterResolver      : Resolving eureka endpoints via configuration
2026-06-02T16:53:44.567+07:00  INFO [interaction-service,,] 22996 --- [interaction-service] [AsyncResolver-bootstrap-executor-%d] [                                                 ] c.n.d.s.r.aws.ConfigClusterResolver      : Resolving eureka endpoints via configuration
2026-06-02T16:58:44.573+07:00  INFO [interaction-service,,] 22996 --- [interaction-service] [AsyncResolver-bootstrap-executor-%d] [                                                 ] c.n.d.s.r.aws.ConfigClusterResolver      : Resolving eureka endpoints via configuration
2026-06-02T17:03:44.576+07:00  INFO [interaction-service,,] 22996 --- [interaction-service] [AsyncResolver-bootstrap-executor-%d] [                                                 ] c.n.d.s.r.aws.ConfigClusterResolver      : Resolving eureka endpoints via configuration
2026-06-02T17:08:44.591+07:00  INFO [interaction-service,,] 22996 --- [interaction-service] [AsyncResolver-bootstrap-executor-%d] [                                                 ] c.n.d.s.r.aws.ConfigClusterResolver      : Resolving eureka endpoints via configuration
2026-06-02T17:13:44.595+07:00  INFO [interaction-service,,] 22996 --- [interaction-service] [AsyncResolver-bootstrap-executor-%d] [                                                 ] c.n.d.s.r.aws.ConfigClusterResolver      : Resolving eureka endpoints via configuration
2026-06-02T17:18:44.604+07:00  INFO [interaction-service,,] 22996 --- [interaction-service] [AsyncResolver-bootstrap-executor-%d] [                                                 ] c.n.d.s.r.aws.ConfigClusterResolver      : Resolving eureka endpoints via configuration
2026-06-02T17:23:44.618+07:00  INFO [interaction-service,,] 22996 --- [interaction-service] [AsyncResolver-bootstrap-executor-%d] [                                                 ] c.n.d.s.r.aws.ConfigClusterResolver      : Resolving eureka endpoints via configuration
2026-06-02T17:28:44.635+07:00  INFO [interaction-service,,] 22996 --- [interaction-service] [AsyncResolver-bootstrap-executor-%d] [                                                 ] c.n.d.s.r.aws.ConfigClusterResolver      : Resolving eureka endpoints via configuration
2026-06-02T17:33:44.642+07:00  INFO [interaction-service,,] 22996 --- [interaction-service] [AsyncResolver-bootstrap-executor-%d] [                                                 ] c.n.d.s.r.aws.ConfigClusterResolver      : Resolving eureka endpoints via configuration
