2026-06-02T16:28:20.204+07:00  INFO [notification-service,,] 12920 --- [notification-service] [main] [                                                 ] c.n.S.NotificationServiceApplication     : Starting NotificationServiceApplication using Java 17.0.9 with PID 12920 (D:\Projects\Social-media\backend\notification-service\target\classes started by BANG in D:\Projects\Social-media\backend)
2026-06-02T16:28:20.241+07:00  INFO [notification-service,,] 12920 --- [notification-service] [main] [                                                 ] c.n.S.NotificationServiceApplication     : No active profile set, falling back to 1 default profile: "default"
2026-06-02T16:28:26.856+07:00  INFO [notification-service,,] 12920 --- [notification-service] [main] [                                                 ] .s.d.r.c.RepositoryConfigurationDelegate : Bootstrapping Spring Data JPA repositories in DEFAULT mode.
2026-06-02T16:28:27.920+07:00  INFO [notification-service,,] 12920 --- [notification-service] [main] [                                                 ] .s.d.r.c.RepositoryConfigurationDelegate : Finished Spring Data repository scanning in 1032 ms. Found 1 JPA repository interface.
2026-06-02T16:28:29.321+07:00  INFO [notification-service,,] 12920 --- [notification-service] [main] [                                                 ] o.s.cloud.context.scope.GenericScope     : BeanFactory id=563d63fe-9008-3bd2-ad06-28d8ea8a7255
2026-06-02T16:28:31.401+07:00  INFO [notification-service,,] 12920 --- [notification-service] [main] [                                                 ] o.s.b.w.embedded.tomcat.TomcatWebServer  : Tomcat initialized with port 8083 (http)
2026-06-02T16:28:31.453+07:00  INFO [notification-service,,] 12920 --- [notification-service] [main] [                                                 ] o.apache.catalina.core.StandardService   : Starting service [Tomcat]
2026-06-02T16:28:31.454+07:00  INFO [notification-service,,] 12920 --- [notification-service] [main] [                                                 ] o.apache.catalina.core.StandardEngine    : Starting Servlet engine: [Apache Tomcat/10.1.42]
2026-06-02T16:28:31.769+07:00  INFO [notification-service,,] 12920 --- [notification-service] [main] [                                                 ] o.a.c.c.C.[Tomcat].[localhost].[/]       : Initializing Spring embedded WebApplicationContext
2026-06-02T16:28:31.771+07:00  INFO [notification-service,,] 12920 --- [notification-service] [main] [                                                 ] w.s.c.ServletWebServerApplicationContext : Root WebApplicationContext: initialization completed in 11301 ms
2026-06-02T16:28:34.202+07:00  INFO [notification-service,,] 12920 --- [notification-service] [main] [                                                 ] o.hibernate.jpa.internal.util.LogHelper  : HHH000204: Processing PersistenceUnitInfo [name: default]
2026-06-02T16:28:34.453+07:00  INFO [notification-service,,] 12920 --- [notification-service] [main] [                                                 ] org.hibernate.Version                    : HHH000412: Hibernate ORM core version 6.5.3.Final
2026-06-02T16:28:34.647+07:00  INFO [notification-service,,] 12920 --- [notification-service] [main] [                                                 ] o.h.c.internal.RegionFactoryInitiator    : HHH000026: Second-level cache disabled
2026-06-02T16:28:35.846+07:00  INFO [notification-service,,] 12920 --- [notification-service] [main] [                                                 ] o.s.o.j.p.SpringPersistenceUnitInfo      : No LoadTimeWeaver setup: ignoring JPA class transformer
2026-06-02T16:28:36.023+07:00  INFO [notification-service,,] 12920 --- [notification-service] [main] [                                                 ] com.zaxxer.hikari.HikariDataSource       : HikariPool-1 - Starting...
2026-06-02T16:28:36.728+07:00  INFO [notification-service,,] 12920 --- [notification-service] [main] [                                                 ] com.zaxxer.hikari.pool.HikariPool        : HikariPool-1 - Added connection org.postgresql.jdbc.PgConnection@626b9092
2026-06-02T16:28:36.734+07:00  INFO [notification-service,,] 12920 --- [notification-service] [main] [                                                 ] com.zaxxer.hikari.HikariDataSource       : HikariPool-1 - Start completed.
2026-06-02T16:28:36.912+07:00  WARN [notification-service,,] 12920 --- [notification-service] [main] [                                                 ] org.hibernate.orm.deprecation            : HHH90000025: PostgreSQLDialect does not need to be specified explicitly using 'hibernate.dialect' (remove the property setting and it will be selected by default)
2026-06-02T16:28:41.850+07:00  INFO [notification-service,,] 12920 --- [notification-service] [main] [                                                 ] o.h.e.t.j.p.i.JtaPlatformInitiator       : HHH000489: No JTA platform available (set 'hibernate.transaction.jta.platform' to enable JTA platform integration)
2026-06-02T16:28:43.337+07:00  INFO [notification-service,,] 12920 --- [notification-service] [main] [                                                 ] j.LocalContainerEntityManagerFactoryBean : Initialized JPA EntityManagerFactory for persistence unit 'default'
2026-06-02T16:28:44.947+07:00  INFO [notification-service,,] 12920 --- [notification-service] [main] [                                                 ] o.s.d.j.r.query.QueryEnhancerFactory     : Hibernate is in classpath; If applicable, HQL parser will be used.
2026-06-02T16:28:46.848+07:00  WARN [notification-service,,] 12920 --- [notification-service] [main] [                                                 ] JpaBaseConfiguration$JpaWebConfiguration : spring.jpa.open-in-view is enabled by default. Therefore, database queries may be performed during view rendering. Explicitly configure spring.jpa.open-in-view to disable this warning
2026-06-02T16:28:48.492+07:00  INFO [notification-service,,] 12920 --- [notification-service] [main] [                                                 ] o.s.c.openfeign.FeignClientFactoryBean   : For 'user-service' URL not provided. Will try picking an instance via load-balancing.
2026-06-02T16:28:52.113+07:00  INFO [notification-service,,] 12920 --- [notification-service] [main] [                                                 ] DiscoveryClientOptionalArgsConfiguration : Eureka HTTP Client uses RestTemplate.
2026-06-02T16:28:52.203+07:00  WARN [notification-service,,] 12920 --- [notification-service] [main] [                                                 ] iguration$LoadBalancerCaffeineWarnLogger : Spring Cloud LoadBalancer is currently working with the default cache. While this cache implementation is useful for development and tests, it's recommended to use Caffeine cache in production.You can switch to using Caffeine cache, by adding it and org.springframework.cache.caffeine.CaffeineCacheManager to the classpath.
2026-06-02T16:28:52.234+07:00  INFO [notification-service,,] 12920 --- [notification-service] [main] [                                                 ] o.s.b.a.e.web.EndpointLinksResolver      : Exposing 4 endpoints beneath base path '/actuator'
2026-06-02T16:28:52.664+07:00  INFO [notification-service,,] 12920 --- [notification-service] [main] [                                                 ] o.s.c.n.eureka.InstanceInfoFactory       : Setting initial instance status as: STARTING
2026-06-02T16:28:52.748+07:00  INFO [notification-service,,] 12920 --- [notification-service] [main] [                                                 ] com.netflix.discovery.DiscoveryClient    : Initializing Eureka in region us-east-1
2026-06-02T16:28:52.774+07:00  INFO [notification-service,,] 12920 --- [notification-service] [main] [                                                 ] c.n.d.s.r.aws.ConfigClusterResolver      : Resolving eureka endpoints via configuration
2026-06-02T16:28:52.870+07:00  INFO [notification-service,,] 12920 --- [notification-service] [main] [                                                 ] com.netflix.discovery.DiscoveryClient    : Disable delta property : false
2026-06-02T16:28:52.873+07:00  INFO [notification-service,,] 12920 --- [notification-service] [main] [                                                 ] com.netflix.discovery.DiscoveryClient    : Single vip registry refresh property : null
2026-06-02T16:28:52.873+07:00  INFO [notification-service,,] 12920 --- [notification-service] [main] [                                                 ] com.netflix.discovery.DiscoveryClient    : Force full registry fetch : false
2026-06-02T16:28:52.875+07:00  INFO [notification-service,,] 12920 --- [notification-service] [main] [                                                 ] com.netflix.discovery.DiscoveryClient    : Application is null : false
2026-06-02T16:28:52.877+07:00  INFO [notification-service,,] 12920 --- [notification-service] [main] [                                                 ] com.netflix.discovery.DiscoveryClient    : Registered Applications size is zero : true
2026-06-02T16:28:52.879+07:00  INFO [notification-service,,] 12920 --- [notification-service] [main] [                                                 ] com.netflix.discovery.DiscoveryClient    : Application version is -1: true
2026-06-02T16:28:52.880+07:00  INFO [notification-service,,] 12920 --- [notification-service] [main] [                                                 ] com.netflix.discovery.DiscoveryClient    : Getting all instance registry info from the eureka server
2026-06-02T16:28:53.957+07:00  INFO [notification-service,,] 12920 --- [notification-service] [main] [                                                 ] com.netflix.discovery.DiscoveryClient    : The response status is 200
2026-06-02T16:28:53.961+07:00  INFO [notification-service,,] 12920 --- [notification-service] [main] [                                                 ] com.netflix.discovery.DiscoveryClient    : Starting heartbeat executor: renew interval is: 30
2026-06-02T16:28:53.966+07:00  INFO [notification-service,,] 12920 --- [notification-service] [main] [                                                 ] c.n.discovery.InstanceInfoReplicator     : InstanceInfoReplicator onDemand update allowed rate per min is 4
2026-06-02T16:28:53.973+07:00  INFO [notification-service,,] 12920 --- [notification-service] [main] [                                                 ] com.netflix.discovery.DiscoveryClient    : Discovery Client initialized at timestamp 1780392533970 with initial instances count: 3
2026-06-02T16:28:53.982+07:00  INFO [notification-service,,] 12920 --- [notification-service] [main] [                                                 ] o.s.c.n.e.s.EurekaServiceRegistry        : Registering application NOTIFICATION-SERVICE with eureka with status UP
2026-06-02T16:28:53.984+07:00  INFO [notification-service,,] 12920 --- [notification-service] [main] [                                                 ] com.netflix.discovery.DiscoveryClient    : Saw local status change event StatusChangeEvent [timestamp=1780392533984, current=UP, previous=STARTING]
2026-06-02T16:28:53.991+07:00  INFO [notification-service,,] 12920 --- [notification-service] [DiscoveryClient-InstanceInfoReplicator-%d] [                                                 ] com.netflix.discovery.DiscoveryClient    : DiscoveryClient_NOTIFICATION-SERVICE/LAPTOP-4K64MGNI:notification-service:8083: registering service...
2026-06-02T16:28:54.046+07:00  INFO [notification-service,,] 12920 --- [notification-service] [main] [                                                 ] o.s.b.w.embedded.tomcat.TomcatWebServer  : Tomcat started on port 8083 (http) with context path '/'
2026-06-02T16:28:54.048+07:00  INFO [notification-service,,] 12920 --- [notification-service] [main] [                                                 ] .s.c.n.e.s.EurekaAutoServiceRegistration : Updating port to 8083
2026-06-02T16:28:54.153+07:00  INFO [notification-service,,] 12920 --- [notification-service] [DiscoveryClient-InstanceInfoReplicator-%d] [                                                 ] com.netflix.discovery.DiscoveryClient    : DiscoveryClient_NOTIFICATION-SERVICE/LAPTOP-4K64MGNI:notification-service:8083 - registration status: 204
2026-06-02T16:28:55.232+07:00  INFO [notification-service,,] 12920 --- [notification-service] [main] [                                                 ] o.s.m.s.b.SimpleBrokerMessageHandler     : Starting...
2026-06-02T16:28:55.234+07:00  INFO [notification-service,,] 12920 --- [notification-service] [main] [                                                 ] o.s.m.s.b.SimpleBrokerMessageHandler     : BrokerAvailabilityEvent[available=true, SimpleBrokerMessageHandler [org.springframework.messaging.simp.broker.DefaultSubscriptionRegistry@6f56e5c]]
2026-06-02T16:28:55.235+07:00  INFO [notification-service,,] 12920 --- [notification-service] [main] [                                                 ] o.s.m.s.b.SimpleBrokerMessageHandler     : Started.
2026-06-02T16:28:55.243+07:00  INFO [notification-service,,] 12920 --- [notification-service] [main] [                                                 ] o.s.a.r.c.CachingConnectionFactory       : Attempting to connect to: [localhost:5672]
2026-06-02T16:28:55.629+07:00  INFO [notification-service,,] 12920 --- [notification-service] [main] [                                                 ] o.s.a.r.c.CachingConnectionFactory       : Created new connection: rabbitConnectionFactory#99a8a49:0/SimpleConnection@31167d7 [delegate=amqp://guest@127.0.0.1:5672/, localPort=63880]
2026-06-02T16:28:56.610+07:00  INFO [notification-service,,] 12920 --- [notification-service] [main] [                                                 ] c.n.S.NotificationServiceApplication     : Started NotificationServiceApplication in 39.656 seconds (process running for 42.451)
2026-06-02T16:28:57.442+07:00  INFO [notification-service,,] 12920 --- [notification-service] [http-nio-8083-exec-1] [                                                 ] o.a.c.c.C.[Tomcat].[localhost].[/]       : Initializing Spring DispatcherServlet 'dispatcherServlet'
2026-06-02T16:28:57.443+07:00  INFO [notification-service,,] 12920 --- [notification-service] [http-nio-8083-exec-1] [                                                 ] o.s.web.servlet.DispatcherServlet        : Initializing Servlet 'dispatcherServlet'
2026-06-02T16:28:57.450+07:00  INFO [notification-service,,] 12920 --- [notification-service] [http-nio-8083-exec-1] [                                                 ] o.s.web.servlet.DispatcherServlet        : Completed initialization in 7 ms
2026-06-02T16:29:52.434+07:00  INFO [notification-service,,] 12920 --- [notification-service] [MessageBroker-1] [                                                 ] o.s.w.s.c.WebSocketMessageBrokerStats    : WebSocketSession[0 current WS(0)-HttpStream(0)-HttpPoll(0), 0 total, 0 closed abnormally (0 connect failure, 0 send limit, 0 transport error)], stompSubProtocol[processed CONNECT(0)-CONNECTED(0)-DISCONNECT(0)], stompBrokerRelay[null], inboundChannel[pool size = 0, active threads = 0, queued tasks = 0, completed tasks = 0], outboundChannel[pool size = 0, active threads = 0, queued tasks = 0, completed tasks = 0], sockJsScheduler[pool size = 1, active threads = 1, queued tasks = 0, completed tasks = 0]
2026-06-02T16:33:52.902+07:00  INFO [notification-service,,] 12920 --- [notification-service] [AsyncResolver-bootstrap-executor-%d] [                                                 ] c.n.d.s.r.aws.ConfigClusterResolver      : Resolving eureka endpoints via configuration
2026-06-02T16:38:52.919+07:00  INFO [notification-service,,] 12920 --- [notification-service] [AsyncResolver-bootstrap-executor-%d] [                                                 ] c.n.d.s.r.aws.ConfigClusterResolver      : Resolving eureka endpoints via configuration
2026-06-02T16:43:52.924+07:00  INFO [notification-service,,] 12920 --- [notification-service] [AsyncResolver-bootstrap-executor-%d] [                                                 ] c.n.d.s.r.aws.ConfigClusterResolver      : Resolving eureka endpoints via configuration
2026-06-02T16:48:52.993+07:00  INFO [notification-service,,] 12920 --- [notification-service] [AsyncResolver-bootstrap-executor-%d] [                                                 ] c.n.d.s.r.aws.ConfigClusterResolver      : Resolving eureka endpoints via configuration
2026-06-02T16:53:52.999+07:00  INFO [notification-service,,] 12920 --- [notification-service] [AsyncResolver-bootstrap-executor-%d] [                                                 ] c.n.d.s.r.aws.ConfigClusterResolver      : Resolving eureka endpoints via configuration
2026-06-02T16:58:53.003+07:00  INFO [notification-service,,] 12920 --- [notification-service] [AsyncResolver-bootstrap-executor-%d] [                                                 ] c.n.d.s.r.aws.ConfigClusterResolver      : Resolving eureka endpoints via configuration
2026-06-02T16:59:52.447+07:00  INFO [notification-service,,] 12920 --- [notification-service] [MessageBroker-1] [                                                 ] o.s.w.s.c.WebSocketMessageBrokerStats    : WebSocketSession[0 current WS(0)-HttpStream(0)-HttpPoll(0), 0 total, 0 closed abnormally (0 connect failure, 0 send limit, 0 transport error)], stompSubProtocol[processed CONNECT(0)-CONNECTED(0)-DISCONNECT(0)], stompBrokerRelay[null], inboundChannel[pool size = 0, active threads = 0, queued tasks = 0, completed tasks = 0], outboundChannel[pool size = 0, active threads = 0, queued tasks = 0, completed tasks = 0], sockJsScheduler[pool size = 2, active threads = 1, queued tasks = 0, completed tasks = 1]
2026-06-02T17:03:53.005+07:00  INFO [notification-service,,] 12920 --- [notification-service] [AsyncResolver-bootstrap-executor-%d] [                                                 ] c.n.d.s.r.aws.ConfigClusterResolver      : Resolving eureka endpoints via configuration
2026-06-02T17:08:53.015+07:00  INFO [notification-service,,] 12920 --- [notification-service] [AsyncResolver-bootstrap-executor-%d] [                                                 ] c.n.d.s.r.aws.ConfigClusterResolver      : Resolving eureka endpoints via configuration
2026-06-02T17:13:53.025+07:00  INFO [notification-service,,] 12920 --- [notification-service] [AsyncResolver-bootstrap-executor-%d] [                                                 ] c.n.d.s.r.aws.ConfigClusterResolver      : Resolving eureka endpoints via configuration
2026-06-02T17:18:53.038+07:00  INFO [notification-service,,] 12920 --- [notification-service] [AsyncResolver-bootstrap-executor-%d] [                                                 ] c.n.d.s.r.aws.ConfigClusterResolver      : Resolving eureka endpoints via configuration
2026-06-02T17:23:53.054+07:00  INFO [notification-service,,] 12920 --- [notification-service] [AsyncResolver-bootstrap-executor-%d] [                                                 ] c.n.d.s.r.aws.ConfigClusterResolver      : Resolving eureka endpoints via configuration
2026-06-02T17:28:53.057+07:00  INFO [notification-service,,] 12920 --- [notification-service] [AsyncResolver-bootstrap-executor-%d] [                                                 ] c.n.d.s.r.aws.ConfigClusterResolver      : Resolving eureka endpoints via configuration
2026-06-02T17:29:52.456+07:00  INFO [notification-service,,] 12920 --- [notification-service] [MessageBroker-2] [                                                 ] o.s.w.s.c.WebSocketMessageBrokerStats    : WebSocketSession[0 current WS(0)-HttpStream(0)-HttpPoll(0), 0 total, 0 closed abnormally (0 connect failure, 0 send limit, 0 transport error)], stompSubProtocol[processed CONNECT(0)-CONNECTED(0)-DISCONNECT(0)], stompBrokerRelay[null], inboundChannel[pool size = 0, active threads = 0, queued tasks = 0, completed tasks = 0], outboundChannel[pool size = 0, active threads = 0, queued tasks = 0, completed tasks = 0], sockJsScheduler[pool size = 3, active threads = 1, queued tasks = 0, completed tasks = 2]
2026-06-02T17:33:53.073+07:00  INFO [notification-service,,] 12920 --- [notification-service] [AsyncResolver-bootstrap-executor-%d] [                                                 ] c.n.d.s.r.aws.ConfigClusterResolver      : Resolving eureka endpoints via configuration
