2026-06-02T16:29:20.677+07:00  INFO [post-service,,] 2420 --- [post-service] [main] [                                                 ] c.n.Social_media.PostServiceApplication  : Starting PostServiceApplication using Java 17.0.9 with PID 2420 (D:\Projects\Social-media\backend\post-service\target\classes started by BANG in D:\Projects\Social-media\backend)
2026-06-02T16:29:20.700+07:00  INFO [post-service,,] 2420 --- [post-service] [main] [                                                 ] c.n.Social_media.PostServiceApplication  : No active profile set, falling back to 1 default profile: "default"
2026-06-02T16:29:25.182+07:00  INFO [post-service,,] 2420 --- [post-service] [main] [                                                 ] .s.d.r.c.RepositoryConfigurationDelegate : Bootstrapping Spring Data JPA repositories in DEFAULT mode.
2026-06-02T16:29:25.621+07:00  INFO [post-service,,] 2420 --- [post-service] [main] [                                                 ] .s.d.r.c.RepositoryConfigurationDelegate : Finished Spring Data repository scanning in 418 ms. Found 3 JPA repository interfaces.
2026-06-02T16:29:26.887+07:00  INFO [post-service,,] 2420 --- [post-service] [main] [                                                 ] o.s.cloud.context.scope.GenericScope     : BeanFactory id=9d636d8a-b992-30eb-9bce-4483780f34a5
2026-06-02T16:29:29.362+07:00  INFO [post-service,,] 2420 --- [post-service] [main] [                                                 ] o.s.b.w.embedded.tomcat.TomcatWebServer  : Tomcat initialized with port 8082 (http)
2026-06-02T16:29:29.397+07:00  INFO [post-service,,] 2420 --- [post-service] [main] [                                                 ] o.apache.catalina.core.StandardService   : Starting service [Tomcat]
2026-06-02T16:29:29.400+07:00  INFO [post-service,,] 2420 --- [post-service] [main] [                                                 ] o.apache.catalina.core.StandardEngine    : Starting Servlet engine: [Apache Tomcat/10.1.42]
2026-06-02T16:29:29.677+07:00  INFO [post-service,,] 2420 --- [post-service] [main] [                                                 ] o.a.c.c.C.[Tomcat].[localhost].[/]       : Initializing Spring embedded WebApplicationContext
2026-06-02T16:29:29.680+07:00  INFO [post-service,,] 2420 --- [post-service] [main] [                                                 ] w.s.c.ServletWebServerApplicationContext : Root WebApplicationContext: initialization completed in 8779 ms
2026-06-02T16:29:32.393+07:00  INFO [post-service,,] 2420 --- [post-service] [main] [                                                 ] o.hibernate.jpa.internal.util.LogHelper  : HHH000204: Processing PersistenceUnitInfo [name: default]
2026-06-02T16:29:32.792+07:00  INFO [post-service,,] 2420 --- [post-service] [main] [                                                 ] org.hibernate.Version                    : HHH000412: Hibernate ORM core version 6.5.3.Final
2026-06-02T16:29:33.065+07:00  INFO [post-service,,] 2420 --- [post-service] [main] [                                                 ] o.h.c.internal.RegionFactoryInitiator    : HHH000026: Second-level cache disabled
2026-06-02T16:29:34.342+07:00  INFO [post-service,,] 2420 --- [post-service] [main] [                                                 ] o.s.o.j.p.SpringPersistenceUnitInfo      : No LoadTimeWeaver setup: ignoring JPA class transformer
2026-06-02T16:29:34.439+07:00  INFO [post-service,,] 2420 --- [post-service] [main] [                                                 ] com.zaxxer.hikari.HikariDataSource       : HikariPool-1 - Starting...
2026-06-02T16:29:35.000+07:00  INFO [post-service,,] 2420 --- [post-service] [main] [                                                 ] com.zaxxer.hikari.pool.HikariPool        : HikariPool-1 - Added connection org.postgresql.jdbc.PgConnection@2111d7b9
2026-06-02T16:29:35.004+07:00  INFO [post-service,,] 2420 --- [post-service] [main] [                                                 ] com.zaxxer.hikari.HikariDataSource       : HikariPool-1 - Start completed.
2026-06-02T16:29:35.307+07:00  WARN [post-service,,] 2420 --- [post-service] [main] [                                                 ] org.hibernate.orm.deprecation            : HHH90000025: PostgreSQLDialect does not need to be specified explicitly using 'hibernate.dialect' (remove the property setting and it will be selected by default)
2026-06-02T16:29:40.018+07:00  INFO [post-service,,] 2420 --- [post-service] [main] [                                                 ] o.h.e.t.j.p.i.JtaPlatformInitiator       : HHH000489: No JTA platform available (set 'hibernate.transaction.jta.platform' to enable JTA platform integration)
2026-06-02T16:29:43.430+07:00  INFO [post-service,,] 2420 --- [post-service] [main] [                                                 ] j.LocalContainerEntityManagerFactoryBean : Initialized JPA EntityManagerFactory for persistence unit 'default'
2026-06-02T16:29:44.240+07:00  WARN [post-service,,] 2420 --- [post-service] [main] [                                                 ] JpaBaseConfiguration$JpaWebConfiguration : spring.jpa.open-in-view is enabled by default. Therefore, database queries may be performed during view rendering. Explicitly configure spring.jpa.open-in-view to disable this warning
2026-06-02T16:29:47.107+07:00  INFO [post-service,,] 2420 --- [post-service] [main] [                                                 ] o.s.c.openfeign.FeignClientFactoryBean   : For 'user-service' URL not provided. Will try picking an instance via load-balancing.
2026-06-02T16:29:50.180+07:00  INFO [post-service,,] 2420 --- [post-service] [main] [                                                 ] o.s.c.openfeign.FeignClientFactoryBean   : For 'group-service' URL not provided. Will try picking an instance via load-balancing.
2026-06-02T16:29:50.287+07:00  INFO [post-service,,] 2420 --- [post-service] [main] [                                                 ] o.s.c.openfeign.FeignClientFactoryBean   : For 'interaction-service' URL not provided. Will try picking an instance via load-balancing.
2026-06-02T16:30:00.113+07:00  INFO [post-service,,] 2420 --- [post-service] [main] [                                                 ] DiscoveryClientOptionalArgsConfiguration : Eureka HTTP Client uses RestTemplate.
2026-06-02T16:30:00.414+07:00  WARN [post-service,,] 2420 --- [post-service] [main] [                                                 ] iguration$LoadBalancerCaffeineWarnLogger : Spring Cloud LoadBalancer is currently working with the default cache. While this cache implementation is useful for development and tests, it's recommended to use Caffeine cache in production.You can switch to using Caffeine cache, by adding it and org.springframework.cache.caffeine.CaffeineCacheManager to the classpath.
2026-06-02T16:30:00.544+07:00  INFO [post-service,,] 2420 --- [post-service] [main] [                                                 ] o.s.b.a.e.web.EndpointLinksResolver      : Exposing 5 endpoints beneath base path '/actuator'
2026-06-02T16:30:01.178+07:00  INFO [post-service,,] 2420 --- [post-service] [main] [                                                 ] o.s.c.n.eureka.InstanceInfoFactory       : Setting initial instance status as: STARTING
2026-06-02T16:30:01.356+07:00  INFO [post-service,,] 2420 --- [post-service] [main] [                                                 ] com.netflix.discovery.DiscoveryClient    : Initializing Eureka in region us-east-1
2026-06-02T16:30:01.377+07:00  INFO [post-service,,] 2420 --- [post-service] [main] [                                                 ] c.n.d.s.r.aws.ConfigClusterResolver      : Resolving eureka endpoints via configuration
2026-06-02T16:30:01.426+07:00  INFO [post-service,,] 2420 --- [post-service] [main] [                                                 ] com.netflix.discovery.DiscoveryClient    : Disable delta property : false
2026-06-02T16:30:01.426+07:00  INFO [post-service,,] 2420 --- [post-service] [main] [                                                 ] com.netflix.discovery.DiscoveryClient    : Single vip registry refresh property : null
2026-06-02T16:30:01.427+07:00  INFO [post-service,,] 2420 --- [post-service] [main] [                                                 ] com.netflix.discovery.DiscoveryClient    : Force full registry fetch : false
2026-06-02T16:30:01.428+07:00  INFO [post-service,,] 2420 --- [post-service] [main] [                                                 ] com.netflix.discovery.DiscoveryClient    : Application is null : false
2026-06-02T16:30:01.429+07:00  INFO [post-service,,] 2420 --- [post-service] [main] [                                                 ] com.netflix.discovery.DiscoveryClient    : Registered Applications size is zero : true
2026-06-02T16:30:01.430+07:00  INFO [post-service,,] 2420 --- [post-service] [main] [                                                 ] com.netflix.discovery.DiscoveryClient    : Application version is -1: true
2026-06-02T16:30:01.431+07:00  INFO [post-service,,] 2420 --- [post-service] [main] [                                                 ] com.netflix.discovery.DiscoveryClient    : Getting all instance registry info from the eureka server
2026-06-02T16:30:02.854+07:00  INFO [post-service,,] 2420 --- [post-service] [main] [                                                 ] com.netflix.discovery.DiscoveryClient    : The response status is 200
2026-06-02T16:30:02.860+07:00  INFO [post-service,,] 2420 --- [post-service] [main] [                                                 ] com.netflix.discovery.DiscoveryClient    : Starting heartbeat executor: renew interval is: 30
2026-06-02T16:30:02.865+07:00  INFO [post-service,,] 2420 --- [post-service] [main] [                                                 ] c.n.discovery.InstanceInfoReplicator     : InstanceInfoReplicator onDemand update allowed rate per min is 4
2026-06-02T16:30:02.871+07:00  INFO [post-service,,] 2420 --- [post-service] [main] [                                                 ] com.netflix.discovery.DiscoveryClient    : Discovery Client initialized at timestamp 1780392602867 with initial instances count: 5
2026-06-02T16:30:02.911+07:00  INFO [post-service,,] 2420 --- [post-service] [main] [                                                 ] o.s.c.n.e.s.EurekaServiceRegistry        : Registering application POST-SERVICE with eureka with status UP
2026-06-02T16:30:02.913+07:00  INFO [post-service,,] 2420 --- [post-service] [main] [                                                 ] com.netflix.discovery.DiscoveryClient    : Saw local status change event StatusChangeEvent [timestamp=1780392602913, current=UP, previous=STARTING]
2026-06-02T16:30:02.919+07:00  INFO [post-service,,] 2420 --- [post-service] [DiscoveryClient-InstanceInfoReplicator-%d] [                                                 ] com.netflix.discovery.DiscoveryClient    : DiscoveryClient_POST-SERVICE/LAPTOP-4K64MGNI:post-service:8082: registering service...
2026-06-02T16:30:02.993+07:00  INFO [post-service,,] 2420 --- [post-service] [main] [                                                 ] o.s.b.w.embedded.tomcat.TomcatWebServer  : Tomcat started on port 8082 (http) with context path '/'
2026-06-02T16:30:02.995+07:00  INFO [post-service,,] 2420 --- [post-service] [main] [                                                 ] .s.c.n.e.s.EurekaAutoServiceRegistration : Updating port to 8082
2026-06-02T16:30:03.049+07:00  INFO [post-service,,] 2420 --- [post-service] [DiscoveryClient-InstanceInfoReplicator-%d] [                                                 ] com.netflix.discovery.DiscoveryClient    : DiscoveryClient_POST-SERVICE/LAPTOP-4K64MGNI:post-service:8082 - registration status: 204
2026-06-02T16:30:04.703+07:00  INFO [post-service,,] 2420 --- [post-service] [main] [                                                 ] c.n.Social_media.PostServiceApplication  : Started PostServiceApplication in 47.216 seconds (process running for 51.47)
2026-06-02T16:30:07.964+07:00  INFO [post-service,,] 2420 --- [post-service] [http-nio-8082-exec-1] [                                                 ] o.a.c.c.C.[Tomcat].[localhost].[/]       : Initializing Spring DispatcherServlet 'dispatcherServlet'
2026-06-02T16:30:07.966+07:00  INFO [post-service,,] 2420 --- [post-service] [http-nio-8082-exec-1] [                                                 ] o.s.web.servlet.DispatcherServlet        : Initializing Servlet 'dispatcherServlet'
2026-06-02T16:30:07.974+07:00  INFO [post-service,,] 2420 --- [post-service] [http-nio-8082-exec-1] [                                                 ] o.s.web.servlet.DispatcherServlet        : Completed initialization in 8 ms
2026-06-02T16:35:01.437+07:00  INFO [post-service,,] 2420 --- [post-service] [AsyncResolver-bootstrap-executor-%d] [                                                 ] c.n.d.s.r.aws.ConfigClusterResolver      : Resolving eureka endpoints via configuration
2026-06-02T16:40:01.450+07:00  INFO [post-service,,] 2420 --- [post-service] [AsyncResolver-bootstrap-executor-%d] [                                                 ] c.n.d.s.r.aws.ConfigClusterResolver      : Resolving eureka endpoints via configuration
2026-06-02T16:45:01.466+07:00  INFO [post-service,,] 2420 --- [post-service] [AsyncResolver-bootstrap-executor-%d] [                                                 ] c.n.d.s.r.aws.ConfigClusterResolver      : Resolving eureka endpoints via configuration
2026-06-02T16:50:01.477+07:00  INFO [post-service,,] 2420 --- [post-service] [AsyncResolver-bootstrap-executor-%d] [                                                 ] c.n.d.s.r.aws.ConfigClusterResolver      : Resolving eureka endpoints via configuration
2026-06-02T16:55:01.505+07:00  INFO [post-service,,] 2420 --- [post-service] [AsyncResolver-bootstrap-executor-%d] [                                                 ] c.n.d.s.r.aws.ConfigClusterResolver      : Resolving eureka endpoints via configuration
2026-06-02T17:00:01.511+07:00  INFO [post-service,,] 2420 --- [post-service] [AsyncResolver-bootstrap-executor-%d] [                                                 ] c.n.d.s.r.aws.ConfigClusterResolver      : Resolving eureka endpoints via configuration
2026-06-02T17:05:01.526+07:00  INFO [post-service,,] 2420 --- [post-service] [AsyncResolver-bootstrap-executor-%d] [                                                 ] c.n.d.s.r.aws.ConfigClusterResolver      : Resolving eureka endpoints via configuration
2026-06-02T17:10:01.536+07:00  INFO [post-service,,] 2420 --- [post-service] [AsyncResolver-bootstrap-executor-%d] [                                                 ] c.n.d.s.r.aws.ConfigClusterResolver      : Resolving eureka endpoints via configuration
2026-06-02T17:15:01.540+07:00  INFO [post-service,,] 2420 --- [post-service] [AsyncResolver-bootstrap-executor-%d] [                                                 ] c.n.d.s.r.aws.ConfigClusterResolver      : Resolving eureka endpoints via configuration
2026-06-02T17:20:01.549+07:00  INFO [post-service,,] 2420 --- [post-service] [AsyncResolver-bootstrap-executor-%d] [                                                 ] c.n.d.s.r.aws.ConfigClusterResolver      : Resolving eureka endpoints via configuration
2026-06-02T17:25:01.564+07:00  INFO [post-service,,] 2420 --- [post-service] [AsyncResolver-bootstrap-executor-%d] [                                                 ] c.n.d.s.r.aws.ConfigClusterResolver      : Resolving eureka endpoints via configuration
2026-06-02T17:30:01.575+07:00  INFO [post-service,,] 2420 --- [post-service] [AsyncResolver-bootstrap-executor-%d] [                                                 ] c.n.d.s.r.aws.ConfigClusterResolver      : Resolving eureka endpoints via configuration
2026-06-02T17:35:01.583+07:00  INFO [post-service,,] 2420 --- [post-service] [AsyncResolver-bootstrap-executor-%d] [                                                 ] c.n.d.s.r.aws.ConfigClusterResolver      : Resolving eureka endpoints via configuration
