2026-06-02T16:28:40.769+07:00  INFO [user-service,,] 29192 --- [user-service] [main] [                                                 ] c.n.Social_media.UserServiceApplication  : Starting UserServiceApplication using Java 17.0.9 with PID 29192 (D:\Projects\Social-media\backend\user-service\target\classes started by BANG in D:\Projects\Social-media\backend)
2026-06-02T16:28:40.814+07:00  INFO [user-service,,] 29192 --- [user-service] [main] [                                                 ] c.n.Social_media.UserServiceApplication  : No active profile set, falling back to 1 default profile: "default"
2026-06-02T16:28:47.018+07:00  INFO [user-service,,] 29192 --- [user-service] [main] [                                                 ] .s.d.r.c.RepositoryConfigurationDelegate : Bootstrapping Spring Data JPA repositories in DEFAULT mode.
2026-06-02T16:28:47.691+07:00  INFO [user-service,,] 29192 --- [user-service] [main] [                                                 ] .s.d.r.c.RepositoryConfigurationDelegate : Finished Spring Data repository scanning in 624 ms. Found 4 JPA repository interfaces.
2026-06-02T16:28:48.970+07:00  INFO [user-service,,] 29192 --- [user-service] [main] [                                                 ] o.s.cloud.context.scope.GenericScope     : BeanFactory id=aca0f2d3-e35f-3403-b537-7f4da08b66cf
2026-06-02T16:28:50.749+07:00  INFO [user-service,,] 29192 --- [user-service] [main] [                                                 ] o.s.b.w.embedded.tomcat.TomcatWebServer  : Tomcat initialized with port 8081 (http)
2026-06-02T16:28:50.780+07:00  INFO [user-service,,] 29192 --- [user-service] [main] [                                                 ] o.apache.catalina.core.StandardService   : Starting service [Tomcat]
2026-06-02T16:28:50.781+07:00  INFO [user-service,,] 29192 --- [user-service] [main] [                                                 ] o.apache.catalina.core.StandardEngine    : Starting Servlet engine: [Apache Tomcat/10.1.42]
2026-06-02T16:28:51.025+07:00  INFO [user-service,,] 29192 --- [user-service] [main] [                                                 ] o.a.c.c.C.[Tomcat].[localhost].[/]       : Initializing Spring embedded WebApplicationContext
2026-06-02T16:28:51.026+07:00  INFO [user-service,,] 29192 --- [user-service] [main] [                                                 ] w.s.c.ServletWebServerApplicationContext : Root WebApplicationContext: initialization completed in 9879 ms
2026-06-02T16:28:53.035+07:00  INFO [user-service,,] 29192 --- [user-service] [main] [                                                 ] o.hibernate.jpa.internal.util.LogHelper  : HHH000204: Processing PersistenceUnitInfo [name: default]
2026-06-02T16:28:53.255+07:00  INFO [user-service,,] 29192 --- [user-service] [main] [                                                 ] org.hibernate.Version                    : HHH000412: Hibernate ORM core version 6.5.3.Final
2026-06-02T16:28:53.389+07:00  INFO [user-service,,] 29192 --- [user-service] [main] [                                                 ] o.h.c.internal.RegionFactoryInitiator    : HHH000026: Second-level cache disabled
2026-06-02T16:28:54.381+07:00  INFO [user-service,,] 29192 --- [user-service] [main] [                                                 ] o.s.o.j.p.SpringPersistenceUnitInfo      : No LoadTimeWeaver setup: ignoring JPA class transformer
2026-06-02T16:28:54.472+07:00  INFO [user-service,,] 29192 --- [user-service] [main] [                                                 ] com.zaxxer.hikari.HikariDataSource       : HikariPool-1 - Starting...
2026-06-02T16:28:54.996+07:00  INFO [user-service,,] 29192 --- [user-service] [main] [                                                 ] com.zaxxer.hikari.pool.HikariPool        : HikariPool-1 - Added connection org.postgresql.jdbc.PgConnection@15a41088
2026-06-02T16:28:55.001+07:00  INFO [user-service,,] 29192 --- [user-service] [main] [                                                 ] com.zaxxer.hikari.HikariDataSource       : HikariPool-1 - Start completed.
2026-06-02T16:28:55.175+07:00  WARN [user-service,,] 29192 --- [user-service] [main] [                                                 ] org.hibernate.orm.deprecation            : HHH90000025: PostgreSQLDialect does not need to be specified explicitly using 'hibernate.dialect' (remove the property setting and it will be selected by default)
2026-06-02T16:28:58.622+07:00  INFO [user-service,,] 29192 --- [user-service] [main] [                                                 ] o.h.e.t.j.p.i.JtaPlatformInitiator       : HHH000489: No JTA platform available (set 'hibernate.transaction.jta.platform' to enable JTA platform integration)
2026-06-02T16:28:59.292+07:00  INFO [user-service,,] 29192 --- [user-service] [main] [                                                 ] j.LocalContainerEntityManagerFactoryBean : Initialized JPA EntityManagerFactory for persistence unit 'default'
2026-06-02T16:29:00.141+07:00  INFO [user-service,,] 29192 --- [user-service] [main] [                                                 ] o.s.d.j.r.query.QueryEnhancerFactory     : Hibernate is in classpath; If applicable, HQL parser will be used.
2026-06-02T16:29:03.364+07:00  WARN [user-service,,] 29192 --- [user-service] [main] [                                                 ] JpaBaseConfiguration$JpaWebConfiguration : spring.jpa.open-in-view is enabled by default. Therefore, database queries may be performed during view rendering. Explicitly configure spring.jpa.open-in-view to disable this warning
2026-06-02T16:29:03.477+07:00  INFO [user-service,,] 29192 --- [user-service] [main] [                                                 ] r$InitializeUserDetailsManagerConfigurer : Global AuthenticationManager configured with UserDetailsService bean with name userDetailsService
2026-06-02T16:29:06.610+07:00  INFO [user-service,,] 29192 --- [user-service] [main] [                                                 ] o.s.b.a.e.web.EndpointLinksResolver      : Exposing 4 endpoints beneath base path '/actuator'
2026-06-02T16:29:10.326+07:00  INFO [user-service,,] 29192 --- [user-service] [main] [                                                 ] DiscoveryClientOptionalArgsConfiguration : Eureka HTTP Client uses RestTemplate.
2026-06-02T16:29:10.537+07:00  WARN [user-service,,] 29192 --- [user-service] [main] [                                                 ] iguration$LoadBalancerCaffeineWarnLogger : Spring Cloud LoadBalancer is currently working with the default cache. While this cache implementation is useful for development and tests, it's recommended to use Caffeine cache in production.You can switch to using Caffeine cache, by adding it and org.springframework.cache.caffeine.CaffeineCacheManager to the classpath.
2026-06-02T16:29:11.099+07:00  INFO [user-service,,] 29192 --- [user-service] [main] [                                                 ] o.s.c.n.eureka.InstanceInfoFactory       : Setting initial instance status as: STARTING
2026-06-02T16:29:11.194+07:00  INFO [user-service,,] 29192 --- [user-service] [main] [                                                 ] com.netflix.discovery.DiscoveryClient    : Initializing Eureka in region us-east-1
2026-06-02T16:29:11.213+07:00  INFO [user-service,,] 29192 --- [user-service] [main] [                                                 ] c.n.d.s.r.aws.ConfigClusterResolver      : Resolving eureka endpoints via configuration
2026-06-02T16:29:11.254+07:00  INFO [user-service,,] 29192 --- [user-service] [main] [                                                 ] com.netflix.discovery.DiscoveryClient    : Disable delta property : false
2026-06-02T16:29:11.255+07:00  INFO [user-service,,] 29192 --- [user-service] [main] [                                                 ] com.netflix.discovery.DiscoveryClient    : Single vip registry refresh property : null
2026-06-02T16:29:11.256+07:00  INFO [user-service,,] 29192 --- [user-service] [main] [                                                 ] com.netflix.discovery.DiscoveryClient    : Force full registry fetch : false
2026-06-02T16:29:11.257+07:00  INFO [user-service,,] 29192 --- [user-service] [main] [                                                 ] com.netflix.discovery.DiscoveryClient    : Application is null : false
2026-06-02T16:29:11.259+07:00  INFO [user-service,,] 29192 --- [user-service] [main] [                                                 ] com.netflix.discovery.DiscoveryClient    : Registered Applications size is zero : true
2026-06-02T16:29:11.260+07:00  INFO [user-service,,] 29192 --- [user-service] [main] [                                                 ] com.netflix.discovery.DiscoveryClient    : Application version is -1: true
2026-06-02T16:29:11.260+07:00  INFO [user-service,,] 29192 --- [user-service] [main] [                                                 ] com.netflix.discovery.DiscoveryClient    : Getting all instance registry info from the eureka server
2026-06-02T16:29:12.229+07:00  INFO [user-service,,] 29192 --- [user-service] [main] [                                                 ] com.netflix.discovery.DiscoveryClient    : The response status is 200
2026-06-02T16:29:12.237+07:00  INFO [user-service,,] 29192 --- [user-service] [main] [                                                 ] com.netflix.discovery.DiscoveryClient    : Starting heartbeat executor: renew interval is: 30
2026-06-02T16:29:12.245+07:00  INFO [user-service,,] 29192 --- [user-service] [main] [                                                 ] c.n.discovery.InstanceInfoReplicator     : InstanceInfoReplicator onDemand update allowed rate per min is 4
2026-06-02T16:29:12.252+07:00  INFO [user-service,,] 29192 --- [user-service] [main] [                                                 ] com.netflix.discovery.DiscoveryClient    : Discovery Client initialized at timestamp 1780392552249 with initial instances count: 4
2026-06-02T16:29:12.274+07:00  INFO [user-service,,] 29192 --- [user-service] [main] [                                                 ] o.s.c.n.e.s.EurekaServiceRegistry        : Registering application USER-SERVICE with eureka with status UP
2026-06-02T16:29:12.276+07:00  INFO [user-service,,] 29192 --- [user-service] [main] [                                                 ] com.netflix.discovery.DiscoveryClient    : Saw local status change event StatusChangeEvent [timestamp=1780392552276, current=UP, previous=STARTING]
2026-06-02T16:29:12.283+07:00  INFO [user-service,,] 29192 --- [user-service] [DiscoveryClient-InstanceInfoReplicator-%d] [                                                 ] com.netflix.discovery.DiscoveryClient    : DiscoveryClient_USER-SERVICE/LAPTOP-4K64MGNI:user-service:8081: registering service...
2026-06-02T16:29:12.349+07:00  INFO [user-service,,] 29192 --- [user-service] [main] [                                                 ] o.s.b.w.embedded.tomcat.TomcatWebServer  : Tomcat started on port 8081 (http) with context path '/'
2026-06-02T16:29:12.352+07:00  INFO [user-service,,] 29192 --- [user-service] [main] [                                                 ] .s.c.n.e.s.EurekaAutoServiceRegistration : Updating port to 8081
2026-06-02T16:29:12.420+07:00  INFO [user-service,,] 29192 --- [user-service] [DiscoveryClient-InstanceInfoReplicator-%d] [                                                 ] com.netflix.discovery.DiscoveryClient    : DiscoveryClient_USER-SERVICE/LAPTOP-4K64MGNI:user-service:8081 - registration status: 204
2026-06-02T16:29:13.867+07:00  INFO [user-service,,] 29192 --- [user-service] [http-nio-8081-exec-1] [                                                 ] o.a.c.c.C.[Tomcat].[localhost].[/]       : Initializing Spring DispatcherServlet 'dispatcherServlet'
2026-06-02T16:29:13.868+07:00  INFO [user-service,,] 29192 --- [user-service] [http-nio-8081-exec-1] [                                                 ] o.s.web.servlet.DispatcherServlet        : Initializing Servlet 'dispatcherServlet'
2026-06-02T16:29:13.879+07:00  INFO [user-service,,] 29192 --- [user-service] [http-nio-8081-exec-1] [                                                 ] o.s.web.servlet.DispatcherServlet        : Completed initialization in 10 ms
2026-06-02T16:29:15.332+07:00  INFO [user-service,,] 29192 --- [user-service] [main] [                                                 ] c.n.Social_media.UserServiceApplication  : Started UserServiceApplication in 37.852 seconds (process running for 41.379)
2026-06-02T16:34:11.273+07:00  INFO [user-service,,] 29192 --- [user-service] [AsyncResolver-bootstrap-executor-%d] [                                                 ] c.n.d.s.r.aws.ConfigClusterResolver      : Resolving eureka endpoints via configuration
2026-06-02T16:39:11.275+07:00  INFO [user-service,,] 29192 --- [user-service] [AsyncResolver-bootstrap-executor-%d] [                                                 ] c.n.d.s.r.aws.ConfigClusterResolver      : Resolving eureka endpoints via configuration
2026-06-02T16:44:11.292+07:00  INFO [user-service,,] 29192 --- [user-service] [AsyncResolver-bootstrap-executor-%d] [                                                 ] c.n.d.s.r.aws.ConfigClusterResolver      : Resolving eureka endpoints via configuration
2026-06-02T16:49:11.320+07:00  INFO [user-service,,] 29192 --- [user-service] [AsyncResolver-bootstrap-executor-%d] [                                                 ] c.n.d.s.r.aws.ConfigClusterResolver      : Resolving eureka endpoints via configuration
2026-06-02T16:54:11.325+07:00  INFO [user-service,,] 29192 --- [user-service] [AsyncResolver-bootstrap-executor-%d] [                                                 ] c.n.d.s.r.aws.ConfigClusterResolver      : Resolving eureka endpoints via configuration
2026-06-02T16:59:11.333+07:00  INFO [user-service,,] 29192 --- [user-service] [AsyncResolver-bootstrap-executor-%d] [                                                 ] c.n.d.s.r.aws.ConfigClusterResolver      : Resolving eureka endpoints via configuration
2026-06-02T17:04:11.348+07:00  INFO [user-service,,] 29192 --- [user-service] [AsyncResolver-bootstrap-executor-%d] [                                                 ] c.n.d.s.r.aws.ConfigClusterResolver      : Resolving eureka endpoints via configuration
2026-06-02T17:09:11.361+07:00  INFO [user-service,,] 29192 --- [user-service] [AsyncResolver-bootstrap-executor-%d] [                                                 ] c.n.d.s.r.aws.ConfigClusterResolver      : Resolving eureka endpoints via configuration
2026-06-02T17:14:11.375+07:00  INFO [user-service,,] 29192 --- [user-service] [AsyncResolver-bootstrap-executor-%d] [                                                 ] c.n.d.s.r.aws.ConfigClusterResolver      : Resolving eureka endpoints via configuration
2026-06-02T17:19:11.388+07:00  INFO [user-service,,] 29192 --- [user-service] [AsyncResolver-bootstrap-executor-%d] [                                                 ] c.n.d.s.r.aws.ConfigClusterResolver      : Resolving eureka endpoints via configuration
2026-06-02T17:24:11.395+07:00  INFO [user-service,,] 29192 --- [user-service] [AsyncResolver-bootstrap-executor-%d] [                                                 ] c.n.d.s.r.aws.ConfigClusterResolver      : Resolving eureka endpoints via configuration
2026-06-02T17:29:11.404+07:00  INFO [user-service,,] 29192 --- [user-service] [AsyncResolver-bootstrap-executor-%d] [                                                 ] c.n.d.s.r.aws.ConfigClusterResolver      : Resolving eureka endpoints via configuration
2026-06-02T17:34:11.408+07:00  INFO [user-service,,] 29192 --- [user-service] [AsyncResolver-bootstrap-executor-%d] [                                                 ] c.n.d.s.r.aws.ConfigClusterResolver      : Resolving eureka endpoints via configuration
